// Jest Snapshot v1, https://goo.gl/fbAQLP

exports[`DetailItem Component renders correctly with title and value 1`] = `
<View
  style={
    {
      "borderBottomColor": "gray",
      "borderBottomWidth": 1,
      "paddingHorizontal": 10,
      "paddingVertical": 15,
      "width": 750,
    }
  }
>
  <Text
    style={
      {
        "color": "#888",
        "fontSize": 14,
        "marginBottom": 5,
      }
    }
  >
    Test Title
  </Text>
  <Text
    style={
      {
        "color": "black",
        "fontSize": 16,
        "textAlign": "center",
      }
    }
  >
    Test Value
  </Text>
</View>
`;
