// Jest Snapshot v1, https://goo.gl/fbAQLP

exports[`Items Screen renders correctly and displays user items 1`] = `
<View
  style={
    {
      "backgroundColor": "#ffffff",
      "flex": 1,
    }
  }
>
  <RCTScrollView
    data={
      [
        {
          "id": "1",
          "name": "User 1",
        },
        {
          "id": "2",
          "name": "User 2",
        },
      ]
    }
    getItem={[Function]}
    getItemCount={[Function]}
    keyExtractor={[Function]}
    onContentSizeChange={[Function]}
    onLayout={[Function]}
    onMomentumScrollBegin={[Function]}
    onMomentumScrollEnd={[Function]}
    onScroll={[Function]}
    onScrollBeginDrag={[Function]}
    onScrollEndDrag={[Function]}
    removeClippedSubviews={false}
    renderItem={[Function]}
    scrollEventThrottle={0.0001}
    showsVerticalScrollIndicator={false}
    stickyHeaderIndices={[]}
    viewabilityConfigCallbackPairs={[]}
  >
    <View>
      <View
        onFocusCapture={[Function]}
        onLayout={[Function]}
        style={null}
      >
        <View
          accessibilityState={
            {
              "busy": undefined,
              "checked": undefined,
              "disabled": undefined,
              "expanded": undefined,
              "selected": undefined,
            }
          }
          accessibilityValue={
            {
              "max": undefined,
              "min": undefined,
              "now": undefined,
              "text": undefined,
            }
          }
          accessible={true}
          collapsable={false}
          focusable={true}
          onClick={[Function]}
          onResponderGrant={[Function]}
          onResponderMove={[Function]}
          onResponderRelease={[Function]}
          onResponderTerminate={[Function]}
          onResponderTerminationRequest={[Function]}
          onStartShouldSetResponder={[Function]}
          style={
            {
              "alignSelf": "center",
              "backgroundColor": "#ffffff",
              "borderRadius": 8,
              "elevation": 2,
              "marginVertical": 10,
              "opacity": 1,
              "paddingVertical": 15,
              "shadowColor": "#000",
              "shadowOffset": {
                "height": 2,
                "width": 0,
              },
              "shadowOpacity": 0.2,
              "shadowRadius": 4,
              "width": 675,
            }
          }
        >
          <Text
            style={
              {
                "color": "#333",
                "fontSize": 16,
                "paddingLeft": 15,
              }
            }
          >
            User 1
          </Text>
        </View>
      </View>
      <View
        onFocusCapture={[Function]}
        onLayout={[Function]}
        style={null}
      >
        <View
          accessibilityState={
            {
              "busy": undefined,
              "checked": undefined,
              "disabled": undefined,
              "expanded": undefined,
              "selected": undefined,
            }
          }
          accessibilityValue={
            {
              "max": undefined,
              "min": undefined,
              "now": undefined,
              "text": undefined,
            }
          }
          accessible={true}
          collapsable={false}
          focusable={true}
          onClick={[Function]}
          onResponderGrant={[Function]}
          onResponderMove={[Function]}
          onResponderRelease={[Function]}
          onResponderTerminate={[Function]}
          onResponderTerminationRequest={[Function]}
          onStartShouldSetResponder={[Function]}
          style={
            {
              "alignSelf": "center",
              "backgroundColor": "#ffffff",
              "borderRadius": 8,
              "elevation": 2,
              "marginVertical": 10,
              "opacity": 1,
              "paddingVertical": 15,
              "shadowColor": "#000",
              "shadowOffset": {
                "height": 2,
                "width": 0,
              },
              "shadowOpacity": 0.2,
              "shadowRadius": 4,
              "width": 675,
            }
          }
        >
          <Text
            style={
              {
                "color": "#333",
                "fontSize": 16,
                "paddingLeft": 15,
              }
            }
          >
            User 2
          </Text>
        </View>
      </View>
    </View>
  </RCTScrollView>
</View>
`;
