// Jest Snapshot v1, https://goo.gl/fbAQLP

exports[`Main Screen renders correctly 1`] = `
<View
  style={
    {
      "alignItems": "center",
      "backgroundColor": "#ffffff",
      "flex": 1,
    }
  }
>
  <Text
    style={
      {
        "color": "black",
        "fontSize": 30,
        "fontWeight": "bold",
        "marginBottom": 50,
        "marginTop": 50,
        "textAlign": "center",
      }
    }
  >
    Welcome
  </Text>
  <Image
    source={
      {
        "testUri": "../../../src/assets/reactnativelogo.png",
      }
    }
    style={
      {
        "height": 300,
        "resizeMode": "contain",
        "width": 650,
      }
    }
    testID="logo-image"
  />
</View>
`;
